******************************************************************************
                  TI ARM Linker PC v15.12.3                    
******************************************************************************
>> Linked Tue Sep 13 16:20:48 2016

OUTPUT FILE NAME:   <blinky.out>
ENTRY POINT SYMBOL: "_c_int00"  address: 0000061d


MEMORY CONFIGURATION

         name            origin    length      used     unused   attr    fill
----------------------  --------  ---------  --------  --------  ----  --------
  FLASH                 00000000   00100000  0000088a  000ff776  R  X
  SRAM                  20000000   00040000  00000218  0003fde8  RW X


SEGMENT ALLOCATION MAP

run origin  load origin   length   init length attrs members
----------  ----------- ---------- ----------- ----- -------
00000000    00000000    00000890   00000890    r-x
  00000000    00000000    00000200   00000200    r-- .intvecs
  00000200    00000200    00000662   00000662    r-x .text
  00000868    00000868    00000028   00000028    r-- .cinit
20000000    20000000    00000218   00000000    rw-
  20000000    20000000    00000200   00000000    rw- .stack
  20000200    20000200    00000018   00000000    rw- .data


SECTION ALLOCATION MAP

 output                                  attributes/
section   page    origin      length       input sections
--------  ----  ----------  ----------   ----------------
.intvecs   0    00000000    00000200     
                  00000000    00000200     startup_ccs.obj (.intvecs)

.text      0    00000200    00000662     
                  00000200    00000132     driverlib.lib : gpio.obj (.text:GPIOPadConfigSet)
                  00000332    00000002     startup_ccs.obj (.text:FaultISR)
                  00000334    000000f4     blinky.obj (.text:main)
                  00000428    0000009c     rtsv7M4_T_le_v4SPD16_eabi.lib : memcpy_t2.obj (.text)
                  000004c4    0000007a                                   : memset_t2.obj (.text)
                  0000053e    00000002     startup_ccs.obj (.text:IntDefaultHandler)
                  00000540    00000070     rtsv7M4_T_le_v4SPD16_eabi.lib : autoinit.obj (.text)
                  000005b0    0000006a                                   : copy_decompress_rle.obj (.text)
                  0000061a    00000002     startup_ccs.obj (.text:NmiSR)
                  0000061c    00000054     rtsv7M4_T_le_v4SPD16_eabi.lib : boot.obj (.text)
                  00000670    00000054                                   : exit.obj (.text)
                  000006c4    00000050     blinky.obj (.text:desplegardecenas)
                  00000714    0000004c     rtsv7M4_T_le_v4SPD16_eabi.lib : cpy_tbl.obj (.text)
                  00000760    00000038     driverlib.lib : sysctl.obj (.text:SysCtlPeripheralReady)
                  00000798    00000034                   : sysctl.obj (.text:SysCtlPeripheralEnable)
                  000007cc    0000002a                   : gpio.obj (.text:GPIODirModeSet)
                  000007f6    00000018                   : gpio.obj (.text:GPIOPinTypeGPIOOutput)
                  0000080e    00000002     rtsv7M4_T_le_v4SPD16_eabi.lib : mpu_init.obj (.text)
                  00000810    00000018                                   : args_main.obj (.text)
                  00000828    00000014                                   : _lock.obj (.text)
                  0000083c    0000000e                                   : copy_decompress_none.obj (.text:decompress:none)
                  0000084a    00000006     driverlib.lib : gpio.obj (.text:GPIOPinWrite)
                  00000850    00000006     startup_ccs.obj (.text:ResetISR)
                  00000856    00000006     rtsv7M4_T_le_v4SPD16_eabi.lib : copy_decompress_rle.obj (.text:decompress:rle24)
                  0000085c    00000004                                   : pre_init.obj (.text)
                  00000860    00000002                                   : startup.obj (.text)

.cinit     0    00000868    00000028     
                  00000868    00000016     (.cinit..data.load) [load image, compression = rle]
                  0000087e    00000002     --HOLE-- [fill = 0]
                  00000880    00000008     (__TI_handler_table)
                  00000888    00000008     (__TI_cinit_table)

.init_array 
*          0    00000000    00000000     UNINITIALIZED

.stack     0    20000000    00000200     UNINITIALIZED
                  20000000    00000200     --HOLE--

.data      0    20000200    00000018     UNINITIALIZED
                  20000200    0000000c     rtsv7M4_T_le_v4SPD16_eabi.lib : exit.obj (.data:$O1$$)
                  2000020c    00000008                                   : _lock.obj (.data:$O1$$)
                  20000214    00000004                                   : stkdepth_vars.obj (.data)

MODULE SUMMARY

       Module                     code   ro data   rw data
       ------                     ----   -------   -------
    .\
       startup_ccs.obj            12     512       0      
       blinky.obj                 324    0         0      
    +--+--------------------------+------+---------+---------+
       Total:                     336    512       0      
                                                          
    C:/ti/TivaWare_C_Series-2.1.3.156/driverlib/ccs/Debug/driverlib.lib
       gpio.obj                   378    0         0      
       sysctl.obj                 108    0         0      
    +--+--------------------------+------+---------+---------+
       Total:                     486    0         0      
                                                          
    C:\ti\ccsv6\tools\compiler\arm_15.12.3.LTS\lib\rtsv7M4_T_le_v4SPD16_eabi.lib
       memcpy_t2.obj              156    0         0      
       memset_t2.obj              122    0         0      
       autoinit.obj               112    0         0      
       copy_decompress_rle.obj    112    0         0      
       exit.obj                   84     0         12     
       boot.obj                   84     0         0      
       cpy_tbl.obj                76     0         0      
       _lock.obj                  20     0         8      
       args_main.obj              24     0         0      
       copy_decompress_none.obj   14     0         0      
       pre_init.obj               4      0         0      
       stkdepth_vars.obj          0      0         4      
       mpu_init.obj               2      0         0      
       startup.obj                2      0         0      
    +--+--------------------------+------+---------+---------+
       Total:                     812    0         24     
                                                          
       Stack:                     0      0         512    
       Linker Generated:          0      38        0      
    +--+--------------------------+------+---------+---------+
       Grand Total:               1634   550       536    


LINKER GENERATED COPY TABLES

__TI_cinit_table @ 00000888 records: 1, size/record: 8, table size: 8
	.data: load addr=00000868, load size=00000016 bytes, run addr=20000200, run size=00000018 bytes, compression=rle


LINKER GENERATED HANDLER TABLE

__TI_handler_table @ 00000880 records: 2, size/record: 4, table size: 8
	index: 0, handler: __TI_decompress_rle24
	index: 1, handler: __TI_decompress_none


GLOBAL SYMBOLS: SORTED ALPHABETICALLY BY Name 

address   name                           
-------   ----                           
00000671  C$$EXIT                        
000007cd  GPIODirModeSet                 
00000201  GPIOPadConfigSet               
000007f7  GPIOPinTypeGPIOOutput          
0000084b  GPIOPinWrite                   
00000851  ResetISR                       
UNDEFED   SHT$$INIT_ARRAY$$Base          
UNDEFED   SHT$$INIT_ARRAY$$Limit         
00000799  SysCtlPeripheralEnable         
00000761  SysCtlPeripheralReady          
20000200  __STACK_END                    
00000200  __STACK_SIZE                   
20000200  __STACK_TOP                    
00000888  __TI_CINIT_Base                
00000890  __TI_CINIT_Limit               
00000880  __TI_Handler_Table_Base        
00000888  __TI_Handler_Table_Limit       
00000541  __TI_auto_init                 
20000200  __TI_cleanup_ptr               
0000083d  __TI_decompress_none           
00000857  __TI_decompress_rle24          
20000204  __TI_dtors_ptr                 
20000208  __TI_enable_exit_profile_output
ffffffff  __TI_pprof_out_hndl            
ffffffff  __TI_prof_data_size            
ffffffff  __TI_prof_data_start           
00000000  __TI_static_base__             
000004c5  __aeabi_memclr                 
000004c5  __aeabi_memclr4                
000004c5  __aeabi_memclr8                
00000429  __aeabi_memcpy                 
00000429  __aeabi_memcpy4                
00000429  __aeabi_memcpy8                
000004c7  __aeabi_memset                 
000004c7  __aeabi_memset4                
000004c7  __aeabi_memset8                
ffffffff  __binit__                      
ffffffff  __c_args__                     
0000080f  __mpu_init                     
20000000  __stack                        
00000811  _args_main                     
0000061d  _c_int00                       
2000020c  _lock                          
00000837  _nop                           
0000082f  _register_lock                 
00000829  _register_unlock               
00000861  _system_post_cinit             
0000085d  _system_pre_init               
20000210  _unlock                        
00000675  abort                          
ffffffff  binit                          
00000715  copy_in                        
000006c5  desplegardecenas               
0000067d  exit                           
00000000  g_pfnVectors                   
00000335  main                           
20000214  main_func_sp                   
00000429  memcpy                         
000004cd  memset                         


GLOBAL SYMBOLS: SORTED BY Symbol Address 

address   name                           
-------   ----                           
00000000  __TI_static_base__             
00000000  g_pfnVectors                   
00000200  __STACK_SIZE                   
00000201  GPIOPadConfigSet               
00000335  main                           
00000429  __aeabi_memcpy                 
00000429  __aeabi_memcpy4                
00000429  __aeabi_memcpy8                
00000429  memcpy                         
000004c5  __aeabi_memclr                 
000004c5  __aeabi_memclr4                
000004c5  __aeabi_memclr8                
000004c7  __aeabi_memset                 
000004c7  __aeabi_memset4                
000004c7  __aeabi_memset8                
000004cd  memset                         
00000541  __TI_auto_init                 
0000061d  _c_int00                       
00000671  C$$EXIT                        
00000675  abort                          
0000067d  exit                           
000006c5  desplegardecenas               
00000715  copy_in                        
00000761  SysCtlPeripheralReady          
00000799  SysCtlPeripheralEnable         
000007cd  GPIODirModeSet                 
000007f7  GPIOPinTypeGPIOOutput          
0000080f  __mpu_init                     
00000811  _args_main                     
00000829  _register_unlock               
0000082f  _register_lock                 
00000837  _nop                           
0000083d  __TI_decompress_none           
0000084b  GPIOPinWrite                   
00000851  ResetISR                       
00000857  __TI_decompress_rle24          
0000085d  _system_pre_init               
00000861  _system_post_cinit             
00000880  __TI_Handler_Table_Base        
00000888  __TI_CINIT_Base                
00000888  __TI_Handler_Table_Limit       
00000890  __TI_CINIT_Limit               
20000000  __stack                        
20000200  __STACK_END                    
20000200  __STACK_TOP                    
20000200  __TI_cleanup_ptr               
20000204  __TI_dtors_ptr                 
20000208  __TI_enable_exit_profile_output
2000020c  _lock                          
20000210  _unlock                        
20000214  main_func_sp                   
ffffffff  __TI_pprof_out_hndl            
ffffffff  __TI_prof_data_size            
ffffffff  __TI_prof_data_start           
ffffffff  __binit__                      
ffffffff  __c_args__                     
ffffffff  binit                          
UNDEFED   SHT$$INIT_ARRAY$$Base          
UNDEFED   SHT$$INIT_ARRAY$$Limit         

[59 symbols]
